// Jest Snapshot v1, https://goo.gl/fbAQLP

exports[`Date should render with given state from Redux store 1`] = `
<td
  className="empty-day"
/>
`;
